== IEEE-CIS Fraud Detection - Unseen-Customer Streaming Prototype ==
seed=42  primary=lightgbm
[1/10] loading + validating raw data ...
      300,000 rows, 3.37% fraud
[2/10] time split + unseen-customer holdout ...
      train=141,982 val=60,000 test=60,000 heldout_customers=2,232
[3/10] fitting segment/global priors on TRAIN only ...
[4/10] leakage-safe feature replay (all folds, one path) ...
      parity: {'rows_checked': 261982, 'velocity_8min_match_rate': nan, 'amount_spike_match_rate': nan}
      feats train=141,982 val=60,000 test=60,000
[5/10] training + comparing supervised models ...
[model] training lightgbm ...
    -> PR-AUC(val)=0.1305  ROC-AUC(val)=0.7166
      primary model: lightgbm  (PR-AUC(val)=0.1305)
[6/10] calibrating fraud probabilities ...
      selected: isotonic (brier=0.0403)
[7/10] fitting behavioural novelty + ECDF ...
      novelty model: isolation_forest  (ECDF ref n=57372)
[8/10] selecting risk thresholds on validation ...
      p_review=0.1276 p_high=0.2877
[9/10] streaming replay (seeded) over val + test ...
      scoring validation fold ...
      scoring test fold ...
[10/10] evaluation report + figures ...
      saving artifacts ...

== DONE ==
  primary model     : lightgbm (PR-AUC val 0.1305)
  PR-AUC(test)      : 0.1097
  ROC-AUC(test)     : 0.7156
  ECE(test)         : 0.00371
  Brier(test)       : 0.03580
  alerts / rate     : 1,009 (1.68% of txns)
  alert precision   : 0.1516
  alert recall      : 0.0657
  figures           : 15 written
  evaluation report : reports/02_evaluation_report.md
